Starting project at D:\FoodDeliveryApp\frontend
Starting Metro Bundler
npx : The following 
packages should be 
updated for best 
compatibility with the 
installed expo version:
At line:1 char:1
+ npx expo start 
--android > error_log.txt 
2>&1
+ ~~~~~~~~~~~~~~~~~~~~~~~~
~~~~~~~~~~~~~~~~~~~~~
    + CategoryInfo        
      : NotSpecified: (T  
  he following p...d ex   
 po version::String) [    
], RemoteException
    + FullyQualifiedError 
   Id : NativeCommandErr  
  or
 
  @expo/metro-config@55.0.
11 - expected version: 
~54.0.14
Your project may not work 
correctly until you 
install the expected 
versions of the packages.
Failed to resolve the 
Android SDK path. Default 
install location not 
found: C:\Users\admin\AppD
ata\Local\Android\Sdk. 
Use ANDROID_HOME to set 
the Android SDK location.
Failed to resolve the 
Android SDK path. Default 
install location not 
found: C:\Users\admin\AppD
ata\Local\Android\Sdk. 
Use ANDROID_HOME to set 
the Android SDK location.
Error: 'adb' is not 
recognized as an internal 
or external command,
operable program or batch 
file.
Error: 'adb' is not 
recognized as an internal 
or external command,
operable program or batch 
file.
    at notFoundError (D:\F
oodDeliveryApp\frontend\no
de_modules\cross-spawn\lib
\enoent.js:6:26)
    at verifyENOENT (D:\Fo
odDeliveryApp\frontend\nod
e_modules\cross-spawn\lib\
enoent.js:40:16)
    at 
ChildProcess.cp.emit (D:\F
oodDeliveryApp\frontend\no
de_modules\cross-spawn\lib
\enoent.js:27:25)
    at Process.ChildProces
s._handle.onexit (node:int
ernal/child_process:293:12
)
